error[E0106]: missing lifetime specifier
  --> tests/ui/invisible_lifetimes.rs:11:22
   |
LL | fn return_value() -> MyStruct {
   |                      ^^^^^^^^ expected named lifetime parameter
   |
   = help: this function's return type contains a borrowed value, but there is no value for it to be borrowed from
help: consider using the `'static` lifetime, but this is uncommon unless you're returning a borrowed value from a `const` or a `static`, or if you will only have owned values
   |
LL | fn return_value() -> MyStruct<'static> {
   |                              +++++++++

error: aborting due to 1 previous error

For more information about this error, try `rustc --explain E0106`.
